2026-07-19 20:05:59 [INFO] device=cuda | torch=2.10.0+cu130 | cuda_available=True
2026-07-19 20:05:59 [INFO] args: {'dataset': 'tissuemnist', 'output_dir': 'results_gn', 'size': 64, 'epochs': 10, 'lr': 0.001, 'batch_size': 512, 'num_workers': 2, 'bn_recalib_batches': 100, 'norm': 'gn', 'k': 100, 'seeds': [0], 'noise_grid': [0.05, 0.1, 0.2, 0.4, 0.8, 1.6], 'ratio_targets': [0.0, 0.25, 1.0, 4.0, 9.0, 16.0], 'subset_train': 10000, 'subset_test': 10000, 'no_download': False, 'no_analyze': False}
2026-07-19 20:05:59 [INFO] loading tissuemnist (size=64) ...
2026-07-19 20:06:04 [INFO] full split: 165466 train, 47280 test, 8 classes
2026-07-19 20:06:04 [INFO] per-image tensor shape (C,H,W): (3, 64, 64)
2026-07-19 20:06:04 [INFO] noise_grid (sigma_meas): [0.05, 0.1, 0.2, 0.4, 0.8, 1.6]
2026-07-19 20:06:04 [INFO] sigma_meas_mid (geom): 0.2828
2026-07-19 20:06:04 [INFO] sigma_M_grid: [0.0, 0.1414, 0.2828, 0.5657, 0.8485, 1.1314]  (ratio targets @ mid: [0.0, 0.25, 1.0, 4.0, 9.0, 16.0])
2026-07-19 20:06:04 [INFO] total sweep cells: 36 (= 1 seeds x 6 noise x 6 sigma_M)
2026-07-19 20:06:04 [INFO] [seed 0] using 10000 train / 10000 test imgs (n_per_batch=100.0, k=100)
2026-07-19 20:06:04 [INFO] === cell 1/36 | seed=0 noise_level=0.0500 sigma_M=0.0000 ratio=0.000 ===
2026-07-19 20:06:04 [INFO] training: 10000 train imgs, 10 epochs (noise_level=0.0500, sigma_M=0.0000)
Epoch 1/10 | Loss: 2.0115 | Acc: 26.98%
Epoch 2/10 | Loss: 1.7954 | Acc: 31.32%
Epoch 3/10 | Loss: 1.7039 | Acc: 35.86%
Epoch 4/10 | Loss: 1.5856 | Acc: 42.42%
Epoch 5/10 | Loss: 1.5464 | Acc: 43.76%
Epoch 6/10 | Loss: 1.4929 | Acc: 45.43%
Epoch 7/10 | Loss: 1.4568 | Acc: 47.39%
Epoch 8/10 | Loss: 1.4160 | Acc: 48.01%
Epoch 9/10 | Loss: 1.3945 | Acc: 48.72%
Epoch 10/10 | Loss: 1.3477 | Acc: 50.15%
2026-07-19 20:06:24 [INFO] training done in 20.1s; recalibrating BatchNorm before eval
2026-07-19 20:06:24 [INFO] evaluating MI on 10000 test imgs
2026-07-19 20:06:25 [INFO] cell result: MI(pred;true) = 0.4283 bits | test acc = 0.478
2026-07-19 20:06:25 [INFO] === cell 2/36 | seed=0 noise_level=0.0500 sigma_M=0.1414 ratio=8.000 ===
2026-07-19 20:06:25 [INFO] training: 10000 train imgs, 10 epochs (noise_level=0.0500, sigma_M=0.1414)
Epoch 1/10 | Loss: 1.9420 | Acc: 27.69%
Epoch 2/10 | Loss: 1.8307 | Acc: 30.63%
Epoch 3/10 | Loss: 1.7997 | Acc: 31.89%
Epoch 4/10 | Loss: 1.6723 | Acc: 36.19%
Epoch 5/10 | Loss: 1.5802 | Acc: 40.79%
Epoch 6/10 | Loss: 1.5126 | Acc: 43.97%
Epoch 7/10 | Loss: 1.4581 | Acc: 46.55%
Epoch 8/10 | Loss: 1.4462 | Acc: 46.47%
Epoch 9/10 | Loss: 1.3970 | Acc: 48.29%
Epoch 10/10 | Loss: 1.3639 | Acc: 49.74%
2026-07-19 20:06:44 [INFO] training done in 18.3s; recalibrating BatchNorm before eval
2026-07-19 20:06:44 [INFO] evaluating MI on 10000 test imgs
2026-07-19 20:06:45 [INFO] cell result: MI(pred;true) = 0.4123 bits | test acc = 0.480
2026-07-19 20:06:45 [INFO] === cell 3/36 | seed=0 noise_level=0.0500 sigma_M=0.2828 ratio=32.000 ===
2026-07-19 20:06:45 [INFO] training: 10000 train imgs, 10 epochs (noise_level=0.0500, sigma_M=0.2828)
Epoch 1/10 | Loss: 1.9634 | Acc: 27.50%
Epoch 2/10 | Loss: 1.8271 | Acc: 30.27%
Epoch 3/10 | Loss: 1.8153 | Acc: 31.06%
Epoch 4/10 | Loss: 1.7727 | Acc: 31.33%
Epoch 5/10 | Loss: 1.6843 | Acc: 34.83%
Epoch 6/10 | Loss: 1.6122 | Acc: 36.79%
Epoch 7/10 | Loss: 1.5840 | Acc: 39.00%
Epoch 8/10 | Loss: 1.5325 | Acc: 41.44%
Epoch 9/10 | Loss: 1.4986 | Acc: 43.09%
Epoch 10/10 | Loss: 1.4587 | Acc: 45.32%
2026-07-19 20:07:04 [INFO] training done in 18.3s; recalibrating BatchNorm before eval
2026-07-19 20:07:04 [INFO] evaluating MI on 10000 test imgs
2026-07-19 20:07:05 [INFO] cell result: MI(pred;true) = 0.3412 bits | test acc = 0.437
2026-07-19 20:07:05 [INFO] === cell 4/36 | seed=0 noise_level=0.0500 sigma_M=0.5657 ratio=128.000 ===
2026-07-19 20:07:05 [INFO] training: 10000 train imgs, 10 epochs (noise_level=0.0500, sigma_M=0.5657)
Epoch 1/10 | Loss: 1.9498 | Acc: 28.31%
Epoch 2/10 | Loss: 1.8326 | Acc: 30.79%
Epoch 3/10 | Loss: 1.8257 | Acc: 30.07%
Epoch 4/10 | Loss: 1.8217 | Acc: 30.85%
Epoch 5/10 | Loss: 1.8183 | Acc: 31.18%
Epoch 6/10 | Loss: 1.8190 | Acc: 31.30%
Epoch 7/10 | Loss: 1.8165 | Acc: 31.37%
Epoch 8/10 | Loss: 1.8131 | Acc: 31.26%
Epoch 9/10 | Loss: 1.7940 | Acc: 31.80%
Epoch 10/10 | Loss: 1.7477 | Acc: 33.32%
2026-07-19 20:07:23 [INFO] training done in 18.2s; recalibrating BatchNorm before eval
2026-07-19 20:07:23 [INFO] evaluating MI on 10000 test imgs
2026-07-19 20:07:25 [INFO] cell result: MI(pred;true) = 0.1284 bits | test acc = 0.357
2026-07-19 20:07:25 [INFO] === cell 5/36 | seed=0 noise_level=0.0500 sigma_M=0.8485 ratio=288.000 ===
2026-07-19 20:07:25 [INFO] training: 10000 train imgs, 10 epochs (noise_level=0.0500, sigma_M=0.8485)
Epoch 1/10 | Loss: 1.9499 | Acc: 26.91%
Epoch 2/10 | Loss: 1.8342 | Acc: 30.70%
Epoch 3/10 | Loss: 1.8225 | Acc: 30.62%
Epoch 4/10 | Loss: 1.8147 | Acc: 31.39%
Epoch 5/10 | Loss: 1.8130 | Acc: 30.58%
Epoch 6/10 | Loss: 1.7797 | Acc: 31.98%
Epoch 7/10 | Loss: 1.7427 | Acc: 33.34%
Epoch 8/10 | Loss: 1.7130 | Acc: 33.65%
Epoch 9/10 | Loss: 1.6917 | Acc: 35.00%
Epoch 10/10 | Loss: 1.6658 | Acc: 34.87%
2026-07-19 20:07:43 [INFO] training done in 18.3s; recalibrating BatchNorm before eval
2026-07-19 20:07:43 [INFO] evaluating MI on 10000 test imgs
2026-07-19 20:07:45 [INFO] cell result: MI(pred;true) = 0.1611 bits | test acc = 0.354
2026-07-19 20:07:45 [INFO] === cell 6/36 | seed=0 noise_level=0.0500 sigma_M=1.1314 ratio=512.000 ===
2026-07-19 20:07:45 [INFO] training: 10000 train imgs, 10 epochs (noise_level=0.0500, sigma_M=1.1314)
Epoch 1/10 | Loss: 1.9757 | Acc: 26.66%
Epoch 2/10 | Loss: 1.8274 | Acc: 30.64%
Epoch 3/10 | Loss: 1.8259 | Acc: 31.30%
Epoch 4/10 | Loss: 1.8161 | Acc: 31.53%
Epoch 5/10 | Loss: 1.8172 | Acc: 31.14%
Epoch 6/10 | Loss: 1.8128 | Acc: 31.40%
Epoch 7/10 | Loss: 1.8185 | Acc: 31.43%
Epoch 8/10 | Loss: 1.8108 | Acc: 31.32%
Epoch 9/10 | Loss: 1.8050 | Acc: 31.54%
Epoch 10/10 | Loss: 1.7909 | Acc: 31.47%
2026-07-19 20:08:03 [INFO] training done in 18.2s; recalibrating BatchNorm before eval
2026-07-19 20:08:03 [INFO] evaluating MI on 10000 test imgs
2026-07-19 20:08:04 [INFO] cell result: MI(pred;true) = 0.0314 bits | test acc = 0.329
2026-07-19 20:08:04 [INFO] === cell 7/36 | seed=0 noise_level=0.1000 sigma_M=0.0000 ratio=0.000 ===
2026-07-19 20:08:04 [INFO] training: 10000 train imgs, 10 epochs (noise_level=0.1000, sigma_M=0.0000)
Epoch 1/10 | Loss: 1.9531 | Acc: 27.29%
Epoch 2/10 | Loss: 1.8110 | Acc: 31.36%
Epoch 3/10 | Loss: 1.7359 | Acc: 34.63%
Epoch 4/10 | Loss: 1.6664 | Acc: 37.88%
Epoch 5/10 | Loss: 1.5440 | Acc: 43.13%
Epoch 6/10 | Loss: 1.4915 | Acc: 44.86%
Epoch 7/10 | Loss: 1.4684 | Acc: 45.60%
Epoch 8/10 | Loss: 1.4360 | Acc: 46.78%
Epoch 9/10 | Loss: 1.3763 | Acc: 49.09%
Epoch 10/10 | Loss: 1.3598 | Acc: 49.89%
2026-07-19 20:08:22 [INFO] training done in 17.9s; recalibrating BatchNorm before eval
2026-07-19 20:08:22 [INFO] evaluating MI on 10000 test imgs
2026-07-19 20:08:24 [INFO] cell result: MI(pred;true) = 0.4134 bits | test acc = 0.480
2026-07-19 20:08:24 [INFO] === cell 8/36 | seed=0 noise_level=0.1000 sigma_M=0.1414 ratio=2.000 ===
2026-07-19 20:08:24 [INFO] training: 10000 train imgs, 10 epochs (noise_level=0.1000, sigma_M=0.1414)
Epoch 1/10 | Loss: 1.9450 | Acc: 26.88%
Epoch 2/10 | Loss: 1.8226 | Acc: 31.42%
Epoch 3/10 | Loss: 1.7688 | Acc: 32.45%
Epoch 4/10 | Loss: 1.6672 | Acc: 37.39%
Epoch 5/10 | Loss: 1.5872 | Acc: 40.36%
Epoch 6/10 | Loss: 1.5247 | Acc: 43.03%
Epoch 7/10 | Loss: 1.4900 | Acc: 44.27%
Epoch 8/10 | Loss: 1.4439 | Acc: 45.99%
Epoch 9/10 | Loss: 1.4065 | Acc: 47.79%
Epoch 10/10 | Loss: 1.3743 | Acc: 48.71%
2026-07-19 20:08:42 [INFO] training done in 18.2s; recalibrating BatchNorm before eval
2026-07-19 20:08:42 [INFO] evaluating MI on 10000 test imgs
2026-07-19 20:08:44 [INFO] cell result: MI(pred;true) = 0.3739 bits | test acc = 0.472
2026-07-19 20:08:44 [INFO] === cell 9/36 | seed=0 noise_level=0.1000 sigma_M=0.2828 ratio=8.000 ===
2026-07-19 20:08:44 [INFO] training: 10000 train imgs, 10 epochs (noise_level=0.1000, sigma_M=0.2828)
Epoch 1/10 | Loss: 1.9966 | Acc: 26.69%
Epoch 2/10 | Loss: 1.8410 | Acc: 29.47%
Epoch 3/10 | Loss: 1.8190 | Acc: 31.10%
Epoch 4/10 | Loss: 1.7779 | Acc: 32.43%
Epoch 5/10 | Loss: 1.7289 | Acc: 33.45%
Epoch 6/10 | Loss: 1.6298 | Acc: 36.11%
Epoch 7/10 | Loss: 1.5878 | Acc: 38.35%
Epoch 8/10 | Loss: 1.5337 | Acc: 42.46%
Epoch 9/10 | Loss: 1.5281 | Acc: 41.83%
Epoch 10/10 | Loss: 1.4589 | Acc: 45.60%
2026-07-19 20:09:02 [INFO] training done in 18.2s; recalibrating BatchNorm before eval
2026-07-19 20:09:02 [INFO] evaluating MI on 10000 test imgs
2026-07-19 20:09:03 [INFO] cell result: MI(pred;true) = 0.3441 bits | test acc = 0.455
2026-07-19 20:09:03 [INFO] === cell 10/36 | seed=0 noise_level=0.1000 sigma_M=0.5657 ratio=32.000 ===
2026-07-19 20:09:03 [INFO] training: 10000 train imgs, 10 epochs (noise_level=0.1000, sigma_M=0.5657)
Epoch 1/10 | Loss: 1.9144 | Acc: 28.24%
Epoch 2/10 | Loss: 1.8342 | Acc: 30.32%
Epoch 3/10 | Loss: 1.8249 | Acc: 30.93%
Epoch 4/10 | Loss: 1.8176 | Acc: 31.34%
Epoch 5/10 | Loss: 1.8174 | Acc: 31.20%
Epoch 6/10 | Loss: 1.8135 | Acc: 31.38%
Epoch 7/10 | Loss: 1.8077 | Acc: 31.61%
Epoch 8/10 | Loss: 1.7939 | Acc: 31.25%
Epoch 9/10 | Loss: 1.7504 | Acc: 32.91%
Epoch 10/10 | Loss: 1.7194 | Acc: 33.98%
2026-07-19 20:09:22 [INFO] training done in 18.3s; recalibrating BatchNorm before eval
2026-07-19 20:09:22 [INFO] evaluating MI on 10000 test imgs
2026-07-19 20:09:23 [INFO] cell result: MI(pred;true) = 0.1302 bits | test acc = 0.356
2026-07-19 20:09:23 [INFO] === cell 11/36 | seed=0 noise_level=0.1000 sigma_M=0.8485 ratio=72.000 ===
2026-07-19 20:09:23 [INFO] training: 10000 train imgs, 10 epochs (noise_level=0.1000, sigma_M=0.8485)
Epoch 1/10 | Loss: 1.9541 | Acc: 27.73%
Epoch 2/10 | Loss: 1.8366 | Acc: 30.55%
Epoch 3/10 | Loss: 1.8214 | Acc: 31.36%
Epoch 4/10 | Loss: 1.8191 | Acc: 31.21%
Epoch 5/10 | Loss: 1.8170 | Acc: 31.35%
Epoch 6/10 | Loss: 1.8144 | Acc: 31.57%
Epoch 7/10 | Loss: 1.8092 | Acc: 31.36%
Epoch 8/10 | Loss: 1.8046 | Acc: 31.18%
Epoch 9/10 | Loss: 1.7728 | Acc: 31.65%
Epoch 10/10 | Loss: 1.7111 | Acc: 34.05%
2026-07-19 20:09:41 [INFO] training done in 18.3s; recalibrating BatchNorm before eval
2026-07-19 20:09:41 [INFO] evaluating MI on 10000 test imgs
2026-07-19 20:09:43 [INFO] cell result: MI(pred;true) = 0.1191 bits | test acc = 0.351
2026-07-19 20:09:43 [INFO] === cell 12/36 | seed=0 noise_level=0.1000 sigma_M=1.1314 ratio=128.000 ===
2026-07-19 20:09:43 [INFO] training: 10000 train imgs, 10 epochs (noise_level=0.1000, sigma_M=1.1314)
Epoch 1/10 | Loss: 1.9853 | Acc: 26.69%
Epoch 2/10 | Loss: 1.8330 | Acc: 30.47%
Epoch 3/10 | Loss: 1.8261 | Acc: 31.41%
Epoch 4/10 | Loss: 1.8203 | Acc: 31.36%
Epoch 5/10 | Loss: 1.8216 | Acc: 31.58%
Epoch 6/10 | Loss: 1.8190 | Acc: 31.29%
Epoch 7/10 | Loss: 1.8164 | Acc: 31.47%
Epoch 8/10 | Loss: 1.8126 | Acc: 31.59%
Epoch 9/10 | Loss: 1.8120 | Acc: 31.06%
Epoch 10/10 | Loss: 1.7939 | Acc: 31.36%
2026-07-19 20:10:01 [INFO] training done in 18.3s; recalibrating BatchNorm before eval
2026-07-19 20:10:01 [INFO] evaluating MI on 10000 test imgs
2026-07-19 20:10:03 [INFO] cell result: MI(pred;true) = 0.0423 bits | test acc = 0.331
2026-07-19 20:10:03 [INFO] === cell 13/36 | seed=0 noise_level=0.2000 sigma_M=0.0000 ratio=0.000 ===
2026-07-19 20:10:03 [INFO] training: 10000 train imgs, 10 epochs (noise_level=0.2000, sigma_M=0.0000)
Epoch 1/10 | Loss: 1.9767 | Acc: 26.57%
Epoch 2/10 | Loss: 1.8316 | Acc: 30.15%
Epoch 3/10 | Loss: 1.7992 | Acc: 31.13%
Epoch 4/10 | Loss: 1.7295 | Acc: 32.50%
Epoch 5/10 | Loss: 1.6435 | Acc: 35.57%
Epoch 6/10 | Loss: 1.5903 | Acc: 37.07%
Epoch 7/10 | Loss: 1.5606 | Acc: 39.80%
Epoch 8/10 | Loss: 1.5244 | Acc: 41.64%
Epoch 9/10 | Loss: 1.4828 | Acc: 44.33%
Epoch 10/10 | Loss: 1.4498 | Acc: 45.76%
2026-07-19 20:10:21 [INFO] training done in 17.9s; recalibrating BatchNorm before eval
2026-07-19 20:10:21 [INFO] evaluating MI on 10000 test imgs
2026-07-19 20:10:22 [INFO] cell result: MI(pred;true) = 0.3617 bits | test acc = 0.453
2026-07-19 20:10:22 [INFO] === cell 14/36 | seed=0 noise_level=0.2000 sigma_M=0.1414 ratio=0.500 ===
2026-07-19 20:10:22 [INFO] training: 10000 train imgs, 10 epochs (noise_level=0.2000, sigma_M=0.1414)
Epoch 1/10 | Loss: 1.9522 | Acc: 27.52%
Epoch 2/10 | Loss: 1.8303 | Acc: 30.96%
Epoch 3/10 | Loss: 1.7979 | Acc: 30.85%
Epoch 4/10 | Loss: 1.7083 | Acc: 33.85%
Epoch 5/10 | Loss: 1.6406 | Acc: 36.13%
Epoch 6/10 | Loss: 1.5884 | Acc: 38.33%
Epoch 7/10 | Loss: 1.5372 | Acc: 41.74%
Epoch 8/10 | Loss: 1.4980 | Acc: 43.09%
Epoch 9/10 | Loss: 1.4474 | Acc: 46.01%
Epoch 10/10 | Loss: 1.4285 | Acc: 46.89%
2026-07-19 20:10:41 [INFO] training done in 18.4s; recalibrating BatchNorm before eval
2026-07-19 20:10:41 [INFO] evaluating MI on 10000 test imgs
2026-07-19 20:10:42 [INFO] cell result: MI(pred;true) = 0.3203 bits | test acc = 0.438
2026-07-19 20:10:42 [INFO] === cell 15/36 | seed=0 noise_level=0.2000 sigma_M=0.2828 ratio=2.000 ===
2026-07-19 20:10:42 [INFO] training: 10000 train imgs, 10 epochs (noise_level=0.2000, sigma_M=0.2828)
Epoch 1/10 | Loss: 1.9969 | Acc: 26.89%
Epoch 2/10 | Loss: 1.8304 | Acc: 29.91%
Epoch 3/10 | Loss: 1.8092 | Acc: 30.71%
Epoch 4/10 | Loss: 1.7536 | Acc: 33.01%
Epoch 5/10 | Loss: 1.6773 | Acc: 35.29%
Epoch 6/10 | Loss: 1.6407 | Acc: 36.02%
Epoch 7/10 | Loss: 1.6164 | Acc: 36.54%
Epoch 8/10 | Loss: 1.6012 | Acc: 36.87%
Epoch 9/10 | Loss: 1.5689 | Acc: 38.19%
Epoch 10/10 | Loss: 1.5781 | Acc: 36.79%
2026-07-19 20:11:00 [INFO] training done in 18.2s; recalibrating BatchNorm before eval
2026-07-19 20:11:00 [INFO] evaluating MI on 10000 test imgs
2026-07-19 20:11:02 [INFO] cell result: MI(pred;true) = 0.2557 bits | test acc = 0.370
2026-07-19 20:11:02 [INFO] === cell 16/36 | seed=0 noise_level=0.2000 sigma_M=0.5657 ratio=8.000 ===
2026-07-19 20:11:02 [INFO] training: 10000 train imgs, 10 epochs (noise_level=0.2000, sigma_M=0.5657)
Epoch 1/10 | Loss: 1.9595 | Acc: 26.97%
Epoch 2/10 | Loss: 1.8315 | Acc: 31.24%
Epoch 3/10 | Loss: 1.8256 | Acc: 30.36%
Epoch 4/10 | Loss: 1.8237 | Acc: 31.52%
Epoch 5/10 | Loss: 1.8210 | Acc: 31.05%
Epoch 6/10 | Loss: 1.8177 | Acc: 31.30%
Epoch 7/10 | Loss: 1.8168 | Acc: 31.44%
Epoch 8/10 | Loss: 1.8082 | Acc: 31.42%
Epoch 9/10 | Loss: 1.7567 | Acc: 32.94%
Epoch 10/10 | Loss: 1.6974 | Acc: 34.50%
2026-07-19 20:11:20 [INFO] training done in 18.3s; recalibrating BatchNorm before eval
2026-07-19 20:11:20 [INFO] evaluating MI on 10000 test imgs
2026-07-19 20:11:22 [INFO] cell result: MI(pred;true) = 0.1731 bits | test acc = 0.371
2026-07-19 20:11:22 [INFO] === cell 17/36 | seed=0 noise_level=0.2000 sigma_M=0.8485 ratio=18.000 ===
2026-07-19 20:11:22 [INFO] training: 10000 train imgs, 10 epochs (noise_level=0.2000, sigma_M=0.8485)
Epoch 1/10 | Loss: 1.9013 | Acc: 27.80%
Epoch 2/10 | Loss: 1.8298 | Acc: 31.08%
Epoch 3/10 | Loss: 1.8303 | Acc: 29.31%
Epoch 4/10 | Loss: 1.8236 | Acc: 31.04%
Epoch 5/10 | Loss: 1.8198 | Acc: 31.14%
Epoch 6/10 | Loss: 1.8101 | Acc: 31.64%
Epoch 7/10 | Loss: 1.8143 | Acc: 31.37%
Epoch 8/10 | Loss: 1.8070 | Acc: 31.39%
Epoch 9/10 | Loss: 1.7920 | Acc: 31.33%
Epoch 10/10 | Loss: 1.7638 | Acc: 32.87%
2026-07-19 20:11:40 [INFO] training done in 18.3s; recalibrating BatchNorm before eval
2026-07-19 20:11:40 [INFO] evaluating MI on 10000 test imgs
2026-07-19 20:11:41 [INFO] cell result: MI(pred;true) = 0.0403 bits | test acc = 0.337
2026-07-19 20:11:41 [INFO] === cell 18/36 | seed=0 noise_level=0.2000 sigma_M=1.1314 ratio=32.000 ===
2026-07-19 20:11:41 [INFO] training: 10000 train imgs, 10 epochs (noise_level=0.2000, sigma_M=1.1314)
Epoch 1/10 | Loss: 1.9361 | Acc: 27.59%
Epoch 2/10 | Loss: 1.8316 | Acc: 29.80%
Epoch 3/10 | Loss: 1.8229 | Acc: 31.22%
Epoch 4/10 | Loss: 1.8246 | Acc: 30.06%
Epoch 5/10 | Loss: 1.8218 | Acc: 30.35%
Epoch 6/10 | Loss: 1.8112 | Acc: 31.34%
Epoch 7/10 | Loss: 1.8084 | Acc: 31.19%
Epoch 8/10 | Loss: 1.7991 | Acc: 31.51%
Epoch 9/10 | Loss: 1.7778 | Acc: 31.99%
Epoch 10/10 | Loss: 1.7512 | Acc: 32.62%
2026-07-19 20:12:00 [INFO] training done in 18.4s; recalibrating BatchNorm before eval
2026-07-19 20:12:00 [INFO] evaluating MI on 10000 test imgs
2026-07-19 20:12:01 [INFO] cell result: MI(pred;true) = 0.0423 bits | test acc = 0.320
2026-07-19 20:12:01 [INFO] === cell 19/36 | seed=0 noise_level=0.4000 sigma_M=0.0000 ratio=0.000 ===
2026-07-19 20:12:01 [INFO] training: 10000 train imgs, 10 epochs (noise_level=0.4000, sigma_M=0.0000)
Epoch 1/10 | Loss: 1.9671 | Acc: 27.11%
Epoch 2/10 | Loss: 1.8319 | Acc: 30.12%
Epoch 3/10 | Loss: 1.8188 | Acc: 31.33%
Epoch 4/10 | Loss: 1.7818 | Acc: 31.63%
Epoch 5/10 | Loss: 1.6977 | Acc: 34.60%
Epoch 6/10 | Loss: 1.6556 | Acc: 35.93%
Epoch 7/10 | Loss: 1.6082 | Acc: 38.27%
Epoch 8/10 | Loss: 1.5723 | Acc: 40.78%
Epoch 9/10 | Loss: 1.5353 | Acc: 41.85%
Epoch 10/10 | Loss: 1.5022 | Acc: 44.36%
2026-07-19 20:12:19 [INFO] training done in 17.9s; recalibrating BatchNorm before eval
2026-07-19 20:12:19 [INFO] evaluating MI on 10000 test imgs
2026-07-19 20:12:21 [INFO] cell result: MI(pred;true) = 0.3089 bits | test acc = 0.438
2026-07-19 20:12:21 [INFO] === cell 20/36 | seed=0 noise_level=0.4000 sigma_M=0.1414 ratio=0.125 ===
2026-07-19 20:12:21 [INFO] training: 10000 train imgs, 10 epochs (noise_level=0.4000, sigma_M=0.1414)
Epoch 1/10 | Loss: 1.9839 | Acc: 26.77%
Epoch 2/10 | Loss: 1.8327 | Acc: 30.52%
Epoch 3/10 | Loss: 1.8208 | Acc: 31.44%
Epoch 4/10 | Loss: 1.8103 | Acc: 31.24%
Epoch 5/10 | Loss: 1.7766 | Acc: 32.28%
Epoch 6/10 | Loss: 1.6967 | Acc: 34.28%
Epoch 7/10 | Loss: 1.6548 | Acc: 36.09%
Epoch 8/10 | Loss: 1.6034 | Acc: 38.01%
Epoch 9/10 | Loss: 1.5881 | Acc: 39.03%
Epoch 10/10 | Loss: 1.5482 | Acc: 41.30%
2026-07-19 20:12:39 [INFO] training done in 18.3s; recalibrating BatchNorm before eval
2026-07-19 20:12:39 [INFO] evaluating MI on 10000 test imgs
2026-07-19 20:12:41 [INFO] cell result: MI(pred;true) = 0.2721 bits | test acc = 0.418
2026-07-19 20:12:41 [INFO] === cell 21/36 | seed=0 noise_level=0.4000 sigma_M=0.2828 ratio=0.500 ===
2026-07-19 20:12:41 [INFO] training: 10000 train imgs, 10 epochs (noise_level=0.4000, sigma_M=0.2828)
Epoch 1/10 | Loss: 1.9619 | Acc: 27.38%
Epoch 2/10 | Loss: 1.8334 | Acc: 30.09%
Epoch 3/10 | Loss: 1.8213 | Acc: 31.10%
Epoch 4/10 | Loss: 1.8211 | Acc: 31.18%
Epoch 5/10 | Loss: 1.8127 | Acc: 31.53%
Epoch 6/10 | Loss: 1.7873 | Acc: 31.43%
Epoch 7/10 | Loss: 1.7291 | Acc: 33.15%
Epoch 8/10 | Loss: 1.6787 | Acc: 34.78%
Epoch 9/10 | Loss: 1.6394 | Acc: 35.78%
Epoch 10/10 | Loss: 1.6176 | Acc: 36.49%
2026-07-19 20:12:59 [INFO] training done in 18.2s; recalibrating BatchNorm before eval
2026-07-19 20:12:59 [INFO] evaluating MI on 10000 test imgs
2026-07-19 20:13:00 [INFO] cell result: MI(pred;true) = 0.2127 bits | test acc = 0.359
2026-07-19 20:13:00 [INFO] === cell 22/36 | seed=0 noise_level=0.4000 sigma_M=0.5657 ratio=2.000 ===
2026-07-19 20:13:00 [INFO] training: 10000 train imgs, 10 epochs (noise_level=0.4000, sigma_M=0.5657)
Epoch 1/10 | Loss: 2.0092 | Acc: 25.20%
Epoch 2/10 | Loss: 1.8390 | Acc: 30.57%
Epoch 3/10 | Loss: 1.8264 | Acc: 31.56%
Epoch 4/10 | Loss: 1.8148 | Acc: 31.36%
Epoch 5/10 | Loss: 1.8057 | Acc: 31.40%
Epoch 6/10 | Loss: 1.8018 | Acc: 31.64%
Epoch 7/10 | Loss: 1.7786 | Acc: 32.20%
Epoch 8/10 | Loss: 1.7480 | Acc: 32.93%
Epoch 9/10 | Loss: 1.7494 | Acc: 32.82%
Epoch 10/10 | Loss: 1.6826 | Acc: 35.17%
2026-07-19 20:13:19 [INFO] training done in 18.3s; recalibrating BatchNorm before eval
2026-07-19 20:13:19 [INFO] evaluating MI on 10000 test imgs
2026-07-19 20:13:20 [INFO] cell result: MI(pred;true) = 0.0805 bits | test acc = 0.349
2026-07-19 20:13:20 [INFO] === cell 23/36 | seed=0 noise_level=0.4000 sigma_M=0.8485 ratio=4.500 ===
2026-07-19 20:13:20 [INFO] training: 10000 train imgs, 10 epochs (noise_level=0.4000, sigma_M=0.8485)
Epoch 1/10 | Loss: 1.9726 | Acc: 27.74%
Epoch 2/10 | Loss: 1.8291 | Acc: 31.22%
Epoch 3/10 | Loss: 1.8217 | Acc: 30.91%
Epoch 4/10 | Loss: 1.8159 | Acc: 31.56%
Epoch 5/10 | Loss: 1.8129 | Acc: 31.06%
Epoch 6/10 | Loss: 1.8169 | Acc: 31.52%
Epoch 7/10 | Loss: 1.8078 | Acc: 31.47%
Epoch 8/10 | Loss: 1.7984 | Acc: 31.76%
Epoch 9/10 | Loss: 1.7885 | Acc: 32.16%
Epoch 10/10 | Loss: 1.7681 | Acc: 32.32%
2026-07-19 20:13:39 [INFO] training done in 18.4s; recalibrating BatchNorm before eval
2026-07-19 20:13:39 [INFO] evaluating MI on 10000 test imgs
2026-07-19 20:13:40 [INFO] cell result: MI(pred;true) = 0.0309 bits | test acc = 0.303
2026-07-19 20:13:40 [INFO] === cell 24/36 | seed=0 noise_level=0.4000 sigma_M=1.1314 ratio=8.000 ===
2026-07-19 20:13:40 [INFO] training: 10000 train imgs, 10 epochs (noise_level=0.4000, sigma_M=1.1314)
Epoch 1/10 | Loss: 1.9646 | Acc: 26.78%
Epoch 2/10 | Loss: 1.8330 | Acc: 30.66%
Epoch 3/10 | Loss: 1.8256 | Acc: 31.14%
Epoch 4/10 | Loss: 1.8200 | Acc: 31.22%
Epoch 5/10 | Loss: 1.8203 | Acc: 31.24%
Epoch 6/10 | Loss: 1.8227 | Acc: 30.70%
Epoch 7/10 | Loss: 1.8150 | Acc: 31.23%
Epoch 8/10 | Loss: 1.8152 | Acc: 31.61%
Epoch 9/10 | Loss: 1.8061 | Acc: 31.44%
Epoch 10/10 | Loss: 1.7990 | Acc: 31.46%
2026-07-19 20:13:58 [INFO] training done in 18.3s; recalibrating BatchNorm before eval
2026-07-19 20:13:58 [INFO] evaluating MI on 10000 test imgs
2026-07-19 20:14:00 [INFO] cell result: MI(pred;true) = 0.0041 bits | test acc = 0.296
2026-07-19 20:14:00 [INFO] === cell 25/36 | seed=0 noise_level=0.8000 sigma_M=0.0000 ratio=0.000 ===
2026-07-19 20:14:00 [INFO] training: 10000 train imgs, 10 epochs (noise_level=0.8000, sigma_M=0.0000)
Epoch 1/10 | Loss: 1.9509 | Acc: 28.08%
Epoch 2/10 | Loss: 1.8308 | Acc: 30.54%
Epoch 3/10 | Loss: 1.8195 | Acc: 31.51%
Epoch 4/10 | Loss: 1.8209 | Acc: 31.18%
Epoch 5/10 | Loss: 1.8188 | Acc: 31.37%
Epoch 6/10 | Loss: 1.8110 | Acc: 30.92%
Epoch 7/10 | Loss: 1.7984 | Acc: 30.57%
Epoch 8/10 | Loss: 1.7764 | Acc: 32.16%
Epoch 9/10 | Loss: 1.7291 | Acc: 33.60%
Epoch 10/10 | Loss: 1.6815 | Acc: 34.27%
2026-07-19 20:14:18 [INFO] training done in 17.9s; recalibrating BatchNorm before eval
2026-07-19 20:14:18 [INFO] evaluating MI on 10000 test imgs
2026-07-19 20:14:19 [INFO] cell result: MI(pred;true) = 0.1369 bits | test acc = 0.352
2026-07-19 20:14:19 [INFO] === cell 26/36 | seed=0 noise_level=0.8000 sigma_M=0.1414 ratio=0.031 ===
2026-07-19 20:14:19 [INFO] training: 10000 train imgs, 10 epochs (noise_level=0.8000, sigma_M=0.1414)
Epoch 1/10 | Loss: 1.9512 | Acc: 27.63%
Epoch 2/10 | Loss: 1.8310 | Acc: 30.66%
Epoch 3/10 | Loss: 1.8249 | Acc: 30.71%
Epoch 4/10 | Loss: 1.8202 | Acc: 31.12%
Epoch 5/10 | Loss: 1.8166 | Acc: 31.39%
Epoch 6/10 | Loss: 1.8129 | Acc: 31.68%
Epoch 7/10 | Loss: 1.8004 | Acc: 31.74%
Epoch 8/10 | Loss: 1.7842 | Acc: 32.09%
Epoch 9/10 | Loss: 1.7433 | Acc: 33.08%
Epoch 10/10 | Loss: 1.7072 | Acc: 34.18%
2026-07-19 20:14:38 [INFO] training done in 18.4s; recalibrating BatchNorm before eval
2026-07-19 20:14:38 [INFO] evaluating MI on 10000 test imgs
2026-07-19 20:14:39 [INFO] cell result: MI(pred;true) = 0.1041 bits | test acc = 0.343
2026-07-19 20:14:39 [INFO] === cell 27/36 | seed=0 noise_level=0.8000 sigma_M=0.2828 ratio=0.125 ===
2026-07-19 20:14:39 [INFO] training: 10000 train imgs, 10 epochs (noise_level=0.8000, sigma_M=0.2828)
Epoch 1/10 | Loss: 1.9508 | Acc: 26.71%
Epoch 2/10 | Loss: 1.8348 | Acc: 29.70%
Epoch 3/10 | Loss: 1.8252 | Acc: 31.22%
Epoch 4/10 | Loss: 1.8190 | Acc: 31.57%
Epoch 5/10 | Loss: 1.8183 | Acc: 31.55%
Epoch 6/10 | Loss: 1.8169 | Acc: 30.92%
Epoch 7/10 | Loss: 1.8101 | Acc: 31.44%
Epoch 8/10 | Loss: 1.8022 | Acc: 32.03%
Epoch 9/10 | Loss: 1.7799 | Acc: 32.18%
Epoch 10/10 | Loss: 1.7381 | Acc: 33.58%
2026-07-19 20:14:57 [INFO] training done in 18.3s; recalibrating BatchNorm before eval
2026-07-19 20:14:57 [INFO] evaluating MI on 10000 test imgs
2026-07-19 20:14:59 [INFO] cell result: MI(pred;true) = 0.0768 bits | test acc = 0.340
2026-07-19 20:14:59 [INFO] === cell 28/36 | seed=0 noise_level=0.8000 sigma_M=0.5657 ratio=0.500 ===
2026-07-19 20:14:59 [INFO] training: 10000 train imgs, 10 epochs (noise_level=0.8000, sigma_M=0.5657)
Epoch 1/10 | Loss: 1.9940 | Acc: 27.16%
Epoch 2/10 | Loss: 1.8415 | Acc: 30.44%
Epoch 3/10 | Loss: 1.8331 | Acc: 30.40%
Epoch 4/10 | Loss: 1.8267 | Acc: 31.13%
Epoch 5/10 | Loss: 1.8204 | Acc: 31.40%
Epoch 6/10 | Loss: 1.8234 | Acc: 30.96%
Epoch 7/10 | Loss: 1.8214 | Acc: 30.95%
Epoch 8/10 | Loss: 1.8170 | Acc: 31.41%
Epoch 9/10 | Loss: 1.8134 | Acc: 31.39%
Epoch 10/10 | Loss: 1.8182 | Acc: 31.23%
2026-07-19 20:15:17 [INFO] training done in 18.3s; recalibrating BatchNorm before eval
2026-07-19 20:15:17 [INFO] evaluating MI on 10000 test imgs
2026-07-19 20:15:19 [INFO] cell result: MI(pred;true) = 0.0000 bits | test acc = 0.327
2026-07-19 20:15:19 [INFO] === cell 29/36 | seed=0 noise_level=0.8000 sigma_M=0.8485 ratio=1.125 ===
2026-07-19 20:15:19 [INFO] training: 10000 train imgs, 10 epochs (noise_level=0.8000, sigma_M=0.8485)
Epoch 1/10 | Loss: 2.0034 | Acc: 25.95%
Epoch 2/10 | Loss: 1.8396 | Acc: 29.69%
Epoch 3/10 | Loss: 1.8247 | Acc: 31.26%
Epoch 4/10 | Loss: 1.8221 | Acc: 31.49%
Epoch 5/10 | Loss: 1.8174 | Acc: 31.24%
Epoch 6/10 | Loss: 1.8180 | Acc: 31.22%
Epoch 7/10 | Loss: 1.8248 | Acc: 31.19%
Epoch 8/10 | Loss: 1.8167 | Acc: 31.35%
Epoch 9/10 | Loss: 1.8142 | Acc: 31.50%
Epoch 10/10 | Loss: 1.8093 | Acc: 31.73%
2026-07-19 20:15:37 [INFO] training done in 18.3s; recalibrating BatchNorm before eval
2026-07-19 20:15:37 [INFO] evaluating MI on 10000 test imgs
2026-07-19 20:15:39 [INFO] cell result: MI(pred;true) = 0.0010 bits | test acc = 0.320
2026-07-19 20:15:39 [INFO] === cell 30/36 | seed=0 noise_level=0.8000 sigma_M=1.1314 ratio=2.000 ===
2026-07-19 20:15:39 [INFO] training: 10000 train imgs, 10 epochs (noise_level=0.8000, sigma_M=1.1314)
Epoch 1/10 | Loss: 1.9941 | Acc: 26.94%
Epoch 2/10 | Loss: 1.8377 | Acc: 29.79%
Epoch 3/10 | Loss: 1.8216 | Acc: 31.08%
Epoch 4/10 | Loss: 1.8203 | Acc: 31.32%
Epoch 5/10 | Loss: 1.8218 | Acc: 31.40%
Epoch 6/10 | Loss: 1.8184 | Acc: 31.38%
Epoch 7/10 | Loss: 1.8180 | Acc: 31.14%
Epoch 8/10 | Loss: 1.8136 | Acc: 31.12%
Epoch 9/10 | Loss: 1.8116 | Acc: 31.72%
Epoch 10/10 | Loss: 1.8146 | Acc: 30.46%
2026-07-19 20:15:57 [INFO] training done in 18.3s; recalibrating BatchNorm before eval
2026-07-19 20:15:57 [INFO] evaluating MI on 10000 test imgs
2026-07-19 20:15:58 [INFO] cell result: MI(pred;true) = 0.0006 bits | test acc = 0.327
2026-07-19 20:15:58 [INFO] === cell 31/36 | seed=0 noise_level=1.6000 sigma_M=0.0000 ratio=0.000 ===
2026-07-19 20:15:59 [INFO] training: 10000 train imgs, 10 epochs (noise_level=1.6000, sigma_M=0.0000)
Epoch 1/10 | Loss: 2.0207 | Acc: 25.92%
Epoch 2/10 | Loss: 1.8337 | Acc: 30.91%
Epoch 3/10 | Loss: 1.8240 | Acc: 31.21%
Epoch 4/10 | Loss: 1.8180 | Acc: 30.77%
Epoch 5/10 | Loss: 1.8165 | Acc: 31.49%
Epoch 6/10 | Loss: 1.8132 | Acc: 31.35%
Epoch 7/10 | Loss: 1.8097 | Acc: 31.34%
Epoch 8/10 | Loss: 1.8098 | Acc: 30.93%
Epoch 9/10 | Loss: 1.8060 | Acc: 31.39%
Epoch 10/10 | Loss: 1.8001 | Acc: 31.68%
2026-07-19 20:16:16 [INFO] training done in 17.9s; recalibrating BatchNorm before eval
2026-07-19 20:16:16 [INFO] evaluating MI on 10000 test imgs
2026-07-19 20:16:18 [INFO] cell result: MI(pred;true) = 0.0014 bits | test acc = 0.313
2026-07-19 20:16:18 [INFO] === cell 32/36 | seed=0 noise_level=1.6000 sigma_M=0.1414 ratio=0.008 ===
2026-07-19 20:16:18 [INFO] training: 10000 train imgs, 10 epochs (noise_level=1.6000, sigma_M=0.1414)
Epoch 1/10 | Loss: 1.9519 | Acc: 27.52%
Epoch 2/10 | Loss: 1.8309 | Acc: 30.67%
Epoch 3/10 | Loss: 1.8195 | Acc: 31.09%
Epoch 4/10 | Loss: 1.8224 | Acc: 31.28%
Epoch 5/10 | Loss: 1.8186 | Acc: 31.26%
Epoch 6/10 | Loss: 1.8190 | Acc: 31.18%
Epoch 7/10 | Loss: 1.8167 | Acc: 30.94%
Epoch 8/10 | Loss: 1.8086 | Acc: 31.26%
Epoch 9/10 | Loss: 1.8033 | Acc: 31.01%
Epoch 10/10 | Loss: 1.7955 | Acc: 31.34%
2026-07-19 20:16:36 [INFO] training done in 18.3s; recalibrating BatchNorm before eval
2026-07-19 20:16:36 [INFO] evaluating MI on 10000 test imgs
2026-07-19 20:16:38 [INFO] cell result: MI(pred;true) = 0.0014 bits | test acc = 0.324
2026-07-19 20:16:38 [INFO] === cell 33/36 | seed=0 noise_level=1.6000 sigma_M=0.2828 ratio=0.031 ===
2026-07-19 20:16:38 [INFO] training: 10000 train imgs, 10 epochs (noise_level=1.6000, sigma_M=0.2828)
Epoch 1/10 | Loss: 1.9441 | Acc: 26.65%
Epoch 2/10 | Loss: 1.8334 | Acc: 30.24%
Epoch 3/10 | Loss: 1.8227 | Acc: 31.20%
Epoch 4/10 | Loss: 1.8187 | Acc: 31.51%
Epoch 5/10 | Loss: 1.8171 | Acc: 31.22%
Epoch 6/10 | Loss: 1.8158 | Acc: 31.53%
Epoch 7/10 | Loss: 1.8169 | Acc: 31.25%
Epoch 8/10 | Loss: 1.8172 | Acc: 31.04%
Epoch 9/10 | Loss: 1.8202 | Acc: 31.48%
Epoch 10/10 | Loss: 1.8075 | Acc: 31.48%
2026-07-19 20:16:56 [INFO] training done in 18.3s; recalibrating BatchNorm before eval
2026-07-19 20:16:56 [INFO] evaluating MI on 10000 test imgs
2026-07-19 20:16:58 [INFO] cell result: MI(pred;true) = 0.0005 bits | test acc = 0.326
2026-07-19 20:16:58 [INFO] === cell 34/36 | seed=0 noise_level=1.6000 sigma_M=0.5657 ratio=0.125 ===
2026-07-19 20:16:58 [INFO] training: 10000 train imgs, 10 epochs (noise_level=1.6000, sigma_M=0.5657)
Epoch 1/10 | Loss: 2.0153 | Acc: 27.15%
Epoch 2/10 | Loss: 1.8299 | Acc: 30.61%
Epoch 3/10 | Loss: 1.8248 | Acc: 30.63%
Epoch 4/10 | Loss: 1.8227 | Acc: 31.38%
Epoch 5/10 | Loss: 1.8203 | Acc: 30.56%
Epoch 6/10 | Loss: 1.8253 | Acc: 29.95%
Epoch 7/10 | Loss: 1.8172 | Acc: 31.30%
Epoch 8/10 | Loss: 1.8137 | Acc: 31.61%
Epoch 9/10 | Loss: 1.8110 | Acc: 31.45%
Epoch 10/10 | Loss: 1.8105 | Acc: 31.42%
2026-07-19 20:17:16 [INFO] training done in 18.2s; recalibrating BatchNorm before eval
2026-07-19 20:17:16 [INFO] evaluating MI on 10000 test imgs
2026-07-19 20:17:17 [INFO] cell result: MI(pred;true) = 0.0011 bits | test acc = 0.280
2026-07-19 20:17:17 [INFO] === cell 35/36 | seed=0 noise_level=1.6000 sigma_M=0.8485 ratio=0.281 ===
2026-07-19 20:17:17 [INFO] training: 10000 train imgs, 10 epochs (noise_level=1.6000, sigma_M=0.8485)
Epoch 1/10 | Loss: 1.9271 | Acc: 27.56%
Epoch 2/10 | Loss: 1.8292 | Acc: 30.00%
Epoch 3/10 | Loss: 1.8263 | Acc: 30.55%
Epoch 4/10 | Loss: 1.8221 | Acc: 31.14%
Epoch 5/10 | Loss: 1.8176 | Acc: 31.62%
Epoch 6/10 | Loss: 1.8126 | Acc: 31.58%
Epoch 7/10 | Loss: 1.8125 | Acc: 31.75%
Epoch 8/10 | Loss: 1.8097 | Acc: 31.80%
Epoch 9/10 | Loss: 1.8132 | Acc: 31.86%
Epoch 10/10 | Loss: 1.7995 | Acc: 31.16%
2026-07-19 20:17:36 [INFO] training done in 18.3s; recalibrating BatchNorm before eval
2026-07-19 20:17:36 [INFO] evaluating MI on 10000 test imgs
2026-07-19 20:17:37 [INFO] cell result: MI(pred;true) = 0.0009 bits | test acc = 0.319
2026-07-19 20:17:37 [INFO] === cell 36/36 | seed=0 noise_level=1.6000 sigma_M=1.1314 ratio=0.500 ===
2026-07-19 20:17:37 [INFO] training: 10000 train imgs, 10 epochs (noise_level=1.6000, sigma_M=1.1314)
Epoch 1/10 | Loss: 1.9694 | Acc: 26.57%
Epoch 2/10 | Loss: 1.8408 | Acc: 30.80%
Epoch 3/10 | Loss: 1.8266 | Acc: 30.47%
Epoch 4/10 | Loss: 1.8225 | Acc: 31.36%
Epoch 5/10 | Loss: 1.8177 | Acc: 31.21%
Epoch 6/10 | Loss: 1.8215 | Acc: 31.26%
Epoch 7/10 | Loss: 1.8189 | Acc: 31.61%
Epoch 8/10 | Loss: 1.8190 | Acc: 31.49%
Epoch 9/10 | Loss: 1.8145 | Acc: 31.48%
Epoch 10/10 | Loss: 1.8145 | Acc: 31.69%
2026-07-19 20:17:56 [INFO] training done in 18.3s; recalibrating BatchNorm before eval
2026-07-19 20:17:56 [INFO] evaluating MI on 10000 test imgs
2026-07-19 20:17:57 [INFO] cell result: MI(pred;true) = 0.0006 bits | test acc = 0.316
2026-07-19 20:17:57 [INFO] wrote results_gn/results.csv and run_meta.json (36 rows)
2026-07-19 20:17:57 [INFO] building figures + summary.json ...
2026-07-19 20:17:59 [INFO] analysis done. summary:
{
  "theory": "eta_eff = eta / (1 + alpha * sigma_M^2/sigma_meas^2), eta = 1/sigma_meas^2",
  "alpha_fit": 1.72,
  "collapse_residual_mse_theory": {
    "0.141421": 0.0005797303683023109,
    "0.282843": 0.0017592291822074286,
    "0.565685": 0.007160879359216779,
    "0.848528": 0.003435205622284591,
    "1.131371": 0.0012736810202962877
  },
  "collapse_residual_mse_alpha": {
    "0.141421": 0.0007529541731076054,
    "0.282843": 0.001088544898606438,
    "0.565685": 0.001975669411687572,
    "0.848528": 0.0025638179565205957,
    "1.131371": 0.0004368012729513058
  },
  "empirical_fit": {
    "slope": 1.0957419078936637,
    "intercept": 3.776789158410737,
    "r2": 0.9053700266902724,
    "n_points": 22
  },
  "dataset": "tissuemnist",
  "classifier": "mobilenet_v3_small (IMAGENET1K_V1), final Linear -> num_classes",
  "mi_estimator": "latentmi.ksg.midd(Y_true, Y_pred) [bits]",
  "k": 100,
  "n_train": 10000,
  "n_test": 10000,
  "n_per_batch": 100.0,
  "epochs": 10,
  "seeds": [
    0
  ],
  "noise_grid": [
    0.05,
    0.1,
    0.2,
    0.4,
    0.8,
    1.6
  ],
  "sigma_M_grid": [
    0.0,
    0.14142135623730953,
    0.28284271247461906,
    0.5656854249492381,
    0.8485281374238571,
    1.1313708498984762
  ]
}
2026-07-19 20:17:59 [INFO] ALL DONE.
