[rank: 0] Seed set to 0
/mnt/home/gokulg/miniconda3/envs/lt/lib/python3.14/site-packages/lightning/fabric/plugins/environments/slurm.py:204: The `srun` command is available on your system but is not used. HINT: If your intention is to run Lightning on SLURM, prepend your python command with `srun` like so: srun python /var/spool/slurm/slurmd/job4744596/slurm_script ...
GPU available: True (cuda), used: True
TPU available: False, using: 0 TPU cores
💡 Tip: For seamless cloud logging and experiment tracking, try installing [litlogger](https://pypi.org/project/litlogger/) to enable LitLogger, which logs metrics and artifacts automatically to the Lightning Experiments platform.
/mnt/home/gokulg/miniconda3/envs/lt/lib/python3.14/site-packages/lightning/fabric/plugins/environments/slurm.py:204: The `srun` command is available on your system but is not used. HINT: If your intention is to run Lightning on SLURM, prepend your python command with `srun` like so: srun python /var/spool/slurm/slurmd/job4744596/slurm_script ...
You are using a CUDA device ('NVIDIA H200') that has Tensor Cores. To properly utilize them, you should set `torch.set_float32_matmul_precision('medium' | 'high')` which will trade-off precision for performance. For more details, read https://pytorch.org/docs/stable/generated/torch.set_float32_matmul_precision.html#torch.set_float32_matmul_precision
LOCAL_RANK: 0 - CUDA_VISIBLE_DEVICES: [0]
/mnt/home/gokulg/miniconda3/envs/lt/lib/python3.14/site-packages/lightning/pytorch/utilities/_pytree.py:21: `isinstance(treespec, LeafSpec)` is deprecated, use `isinstance(treespec, TreeSpec) and treespec.is_leaf()` instead.
/mnt/home/gokulg/miniconda3/envs/lt/lib/python3.14/site-packages/lightning/pytorch/trainer/connectors/data_connector.py:434: The 'train_dataloader' does not have many workers which may be a bottleneck. Consider increasing the value of the `num_workers` argument` to `num_workers=3` in the `DataLoader` to improve performance.
/mnt/home/gokulg/miniconda3/envs/lt/lib/python3.14/site-packages/lightning/pytorch/trainer/connectors/data_connector.py:434: The 'val_dataloader' does not have many workers which may be a bottleneck. Consider increasing the value of the `num_workers` argument` to `num_workers=3` in the `DataLoader` to improve performance.
`Trainer.fit` stopped: `max_epochs=10` reached.
Traceback (most recent call last):
  File "/var/spool/slurm/slurmd/job4744596/slurm_script", line 187, in <module>
    main()
    ~~~~^^
  File "/var/spool/slurm/slurmd/job4744596/slurm_script", line 153, in main
    mi = run_cell(X, Y, quality, float(sigma_M), seed, args)
  File "/var/spool/slurm/slurmd/job4744596/slurm_script", line 113, in run_cell
    pmi, _, _ = lmi.estimate(Z, Y, validation_split=0.3, batch_size=512,
                ~~~~~~~~~~~~^^^^^^^^^^^^^^^^^^^^^^^^^^^^^^^^^^^^^^^^^^^^
                             epochs=args.lmi_epochs, quiet=True)
                             ^^^^^^^^^^^^^^^^^^^^^^^^^^^^^^^^^^^
  File "/mnt/home/gokulg/miniconda3/envs/lt/lib/python3.14/site-packages/latentmi/lmi.py", line 228, in estimate
    estimate += np.NaN
                ^^^^^^
  File "/mnt/home/gokulg/miniconda3/envs/lt/lib/python3.14/site-packages/numpy/__init__.py", line 778, in __getattr__
    raise AttributeError(
    ...<3 lines>...
    )
AttributeError: `np.NaN` was removed in the NumPy 2.0 release. Use `np.nan` instead.
